21:55:31 **** Build of configuration Debug for project ex7_8 ****
make -j2 all 
arm-none-eabi-gcc "../Drivers/STM32F1xx_HAL_Driver/Src/stm32f1xx_hal.c" -mcpu=cortex-m3 -std=gnu11 -g3 -DDEBUG -DUSE_HAL_DRIVER -DSTM32F103x6 -c -I../Core/Inc -I../Drivers/STM32F1xx_HAL_Driver/Inc -I../Drivers/STM32F1xx_HAL_Driver/Inc/Legacy -I../Drivers/CMSIS/Device/ST/STM32F1xx/Include -I../Drivers/CMSIS/Include -O0 -ffunction-sections -fdata-sections -Wall -fstack-usage -MMD -MP -MF"Drivers/STM32F1xx_HAL_Driver/Src/stm32f1xx_hal.d" -MT"Drivers/STM32F1xx_HAL_Driver/Src/stm32f1xx_hal.o" --specs=nano.specs -mfloat-abi=soft -mthumb -o "Drivers/STM32F1xx_HAL_Driver/Src/stm32f1xx_hal.o"
arm-none-eabi-gcc "../Drivers/STM32F1xx_HAL_Driver/Src/stm32f1xx_hal_cortex.c" -mcpu=cortex-m3 -std=gnu11 -g3 -DDEBUG -DUSE_HAL_DRIVER -DSTM32F103x6 -c -I../Core/Inc -I../Drivers/STM32F1xx_HAL_Driver/Inc -I../Drivers/STM32F1xx_HAL_Driver/Inc/Legacy -I../Drivers/CMSIS/Device/ST/STM32F1xx/Include -I../Drivers/CMSIS/Include -O0 -ffunction-sections -fdata-sections -Wall -fstack-usage -MMD -MP -MF"Drivers/STM32F1xx_HAL_Driver/Src/stm32f1xx_hal_cortex.d" -MT"Drivers/STM32F1xx_HAL_Driver/Src/stm32f1xx_hal_cortex.o" --specs=nano.specs -mfloat-abi=soft -mthumb -o "Drivers/STM32F1xx_HAL_Driver/Src/stm32f1xx_hal_cortex.o"
arm-none-eabi-gcc "../Drivers/STM32F1xx_HAL_Driver/Src/stm32f1xx_hal_dma.c" -mcpu=cortex-m3 -std=gnu11 -g3 -DDEBUG -DUSE_HAL_DRIVER -DSTM32F103x6 -c -I../Core/Inc -I../Drivers/STM32F1xx_HAL_Driver/Inc -I../Drivers/STM32F1xx_HAL_Driver/Inc/Legacy -I../Drivers/CMSIS/Device/ST/STM32F1xx/Include -I../Drivers/CMSIS/Include -O0 -ffunction-sections -fdata-sections -Wall -fstack-usage -MMD -MP -MF"Drivers/STM32F1xx_HAL_Driver/Src/stm32f1xx_hal_dma.d" -MT"Drivers/STM32F1xx_HAL_Driver/Src/stm32f1xx_hal_dma.o" --specs=nano.specs -mfloat-abi=soft -mthumb -o "Drivers/STM32F1xx_HAL_Driver/Src/stm32f1xx_hal_dma.o"
arm-none-eabi-gcc "../Drivers/STM32F1xx_HAL_Driver/Src/stm32f1xx_hal_exti.c" -mcpu=cortex-m3 -std=gnu11 -g3 -DDEBUG -DUSE_HAL_DRIVER -DSTM32F103x6 -c -I../Core/Inc -I../Drivers/STM32F1xx_HAL_Driver/Inc -I../Drivers/STM32F1xx_HAL_Driver/Inc/Legacy -I../Drivers/CMSIS/Device/ST/STM32F1xx/Include -I../Drivers/CMSIS/Include -O0 -ffunction-sections -fdata-sections -Wall -fstack-usage -MMD -MP -MF"Drivers/STM32F1xx_HAL_Driver/Src/stm32f1xx_hal_exti.d" -MT"Drivers/STM32F1xx_HAL_Driver/Src/stm32f1xx_hal_exti.o" --specs=nano.specs -mfloat-abi=soft -mthumb -o "Drivers/STM32F1xx_HAL_Driver/Src/stm32f1xx_hal_exti.o"
arm-none-eabi-gcc "../Drivers/STM32F1xx_HAL_Driver/Src/stm32f1xx_hal_flash.c" -mcpu=cortex-m3 -std=gnu11 -g3 -DDEBUG -DUSE_HAL_DRIVER -DSTM32F103x6 -c -I../Core/Inc -I../Drivers/STM32F1xx_HAL_Driver/Inc -I../Drivers/STM32F1xx_HAL_Driver/Inc/Legacy -I../Drivers/CMSIS/Device/ST/STM32F1xx/Include -I../Drivers/CMSIS/Include -O0 -ffunction-sections -fdata-sections -Wall -fstack-usage -MMD -MP -MF"Drivers/STM32F1xx_HAL_Driver/Src/stm32f1xx_hal_flash.d" -MT"Drivers/STM32F1xx_HAL_Driver/Src/stm32f1xx_hal_flash.o" --specs=nano.specs -mfloat-abi=soft -mthumb -o "Drivers/STM32F1xx_HAL_Driver/Src/stm32f1xx_hal_flash.o"
arm-none-eabi-gcc "../Drivers/STM32F1xx_HAL_Driver/Src/stm32f1xx_hal_flash_ex.c" -mcpu=cortex-m3 -std=gnu11 -g3 -DDEBUG -DUSE_HAL_DRIVER -DSTM32F103x6 -c -I../Core/Inc -I../Drivers/STM32F1xx_HAL_Driver/Inc -I../Drivers/STM32F1xx_HAL_Driver/Inc/Legacy -I../Drivers/CMSIS/Device/ST/STM32F1xx/Include -I../Drivers/CMSIS/Include -O0 -ffunction-sections -fdata-sections -Wall -fstack-usage -MMD -MP -MF"Drivers/STM32F1xx_HAL_Driver/Src/stm32f1xx_hal_flash_ex.d" -MT"Drivers/STM32F1xx_HAL_Driver/Src/stm32f1xx_hal_flash_ex.o" --specs=nano.specs -mfloat-abi=soft -mthumb -o "Drivers/STM32F1xx_HAL_Driver/Src/stm32f1xx_hal_flash_ex.o"
arm-none-eabi-gcc "../Drivers/STM32F1xx_HAL_Driver/Src/stm32f1xx_hal_gpio.c" -mcpu=cortex-m3 -std=gnu11 -g3 -DDEBUG -DUSE_HAL_DRIVER -DSTM32F103x6 -c -I../Core/Inc -I../Drivers/STM32F1xx_HAL_Driver/Inc -I../Drivers/STM32F1xx_HAL_Driver/Inc/Legacy -I../Drivers/CMSIS/Device/ST/STM32F1xx/Include -I../Drivers/CMSIS/Include -O0 -ffunction-sections -fdata-sections -Wall -fstack-usage -MMD -MP -MF"Drivers/STM32F1xx_HAL_Driver/Src/stm32f1xx_hal_gpio.d" -MT"Drivers/STM32F1xx_HAL_Driver/Src/stm32f1xx_hal_gpio.o" --specs=nano.specs -mfloat-abi=soft -mthumb -o "Drivers/STM32F1xx_HAL_Driver/Src/stm32f1xx_hal_gpio.o"
arm-none-eabi-gcc "../Drivers/STM32F1xx_HAL_Driver/Src/stm32f1xx_hal_gpio_ex.c" -mcpu=cortex-m3 -std=gnu11 -g3 -DDEBUG -DUSE_HAL_DRIVER -DSTM32F103x6 -c -I../Core/Inc -I../Drivers/STM32F1xx_HAL_Driver/Inc -I../Drivers/STM32F1xx_HAL_Driver/Inc/Legacy -I../Drivers/CMSIS/Device/ST/STM32F1xx/Include -I../Drivers/CMSIS/Include -O0 -ffunction-sections -fdata-sections -Wall -fstack-usage -MMD -MP -MF"Drivers/STM32F1xx_HAL_Driver/Src/stm32f1xx_hal_gpio_ex.d" -MT"Drivers/STM32F1xx_HAL_Driver/Src/stm32f1xx_hal_gpio_ex.o" --specs=nano.specs -mfloat-abi=soft -mthumb -o "Drivers/STM32F1xx_HAL_Driver/Src/stm32f1xx_hal_gpio_ex.o"
arm-none-eabi-gcc "../Drivers/STM32F1xx_HAL_Driver/Src/stm32f1xx_hal_pwr.c" -mcpu=cortex-m3 -std=gnu11 -g3 -DDEBUG -DUSE_HAL_DRIVER -DSTM32F103x6 -c -I../Core/Inc -I../Drivers/STM32F1xx_HAL_Driver/Inc -I../Drivers/STM32F1xx_HAL_Driver/Inc/Legacy -I../Drivers/CMSIS/Device/ST/STM32F1xx/Include -I../Drivers/CMSIS/Include -O0 -ffunction-sections -fdata-sections -Wall -fstack-usage -MMD -MP -MF"Drivers/STM32F1xx_HAL_Driver/Src/stm32f1xx_hal_pwr.d" -MT"Drivers/STM32F1xx_HAL_Driver/Src/stm32f1xx_hal_pwr.o" --specs=nano.specs -mfloat-abi=soft -mthumb -o "Drivers/STM32F1xx_HAL_Driver/Src/stm32f1xx_hal_pwr.o"
arm-none-eabi-gcc "../Drivers/STM32F1xx_HAL_Driver/Src/stm32f1xx_hal_rcc.c" -mcpu=cortex-m3 -std=gnu11 -g3 -DDEBUG -DUSE_HAL_DRIVER -DSTM32F103x6 -c -I../Core/Inc -I../Drivers/STM32F1xx_HAL_Driver/Inc -I../Drivers/STM32F1xx_HAL_Driver/Inc/Legacy -I../Drivers/CMSIS/Device/ST/STM32F1xx/Include -I../Drivers/CMSIS/Include -O0 -ffunction-sections -fdata-sections -Wall -fstack-usage -MMD -MP -MF"Drivers/STM32F1xx_HAL_Driver/Src/stm32f1xx_hal_rcc.d" -MT"Drivers/STM32F1xx_HAL_Driver/Src/stm32f1xx_hal_rcc.o" --specs=nano.specs -mfloat-abi=soft -mthumb -o "Drivers/STM32F1xx_HAL_Driver/Src/stm32f1xx_hal_rcc.o"
arm-none-eabi-gcc "../Drivers/STM32F1xx_HAL_Driver/Src/stm32f1xx_hal_rcc_ex.c" -mcpu=cortex-m3 -std=gnu11 -g3 -DDEBUG -DUSE_HAL_DRIVER -DSTM32F103x6 -c -I../Core/Inc -I../Drivers/STM32F1xx_HAL_Driver/Inc -I../Drivers/STM32F1xx_HAL_Driver/Inc/Legacy -I../Drivers/CMSIS/Device/ST/STM32F1xx/Include -I../Drivers/CMSIS/Include -O0 -ffunction-sections -fdata-sections -Wall -fstack-usage -MMD -MP -MF"Drivers/STM32F1xx_HAL_Driver/Src/stm32f1xx_hal_rcc_ex.d" -MT"Drivers/STM32F1xx_HAL_Driver/Src/stm32f1xx_hal_rcc_ex.o" --specs=nano.specs -mfloat-abi=soft -mthumb -o "Drivers/STM32F1xx_HAL_Driver/Src/stm32f1xx_hal_rcc_ex.o"
arm-none-eabi-gcc "../Drivers/STM32F1xx_HAL_Driver/Src/stm32f1xx_hal_tim.c" -mcpu=cortex-m3 -std=gnu11 -g3 -DDEBUG -DUSE_HAL_DRIVER -DSTM32F103x6 -c -I../Core/Inc -I../Drivers/STM32F1xx_HAL_Driver/Inc -I../Drivers/STM32F1xx_HAL_Driver/Inc/Legacy -I../Drivers/CMSIS/Device/ST/STM32F1xx/Include -I../Drivers/CMSIS/Include -O0 -ffunction-sections -fdata-sections -Wall -fstack-usage -MMD -MP -MF"Drivers/STM32F1xx_HAL_Driver/Src/stm32f1xx_hal_tim.d" -MT"Drivers/STM32F1xx_HAL_Driver/Src/stm32f1xx_hal_tim.o" --specs=nano.specs -mfloat-abi=soft -mthumb -o "Drivers/STM32F1xx_HAL_Driver/Src/stm32f1xx_hal_tim.o"
arm-none-eabi-gcc "../Drivers/STM32F1xx_HAL_Driver/Src/stm32f1xx_hal_tim_ex.c" -mcpu=cortex-m3 -std=gnu11 -g3 -DDEBUG -DUSE_HAL_DRIVER -DSTM32F103x6 -c -I../Core/Inc -I../Drivers/STM32F1xx_HAL_Driver/Inc -I../Drivers/STM32F1xx_HAL_Driver/Inc/Legacy -I../Drivers/CMSIS/Device/ST/STM32F1xx/Include -I../Drivers/CMSIS/Include -O0 -ffunction-sections -fdata-sections -Wall -fstack-usage -MMD -MP -MF"Drivers/STM32F1xx_HAL_Driver/Src/stm32f1xx_hal_tim_ex.d" -MT"Drivers/STM32F1xx_HAL_Driver/Src/stm32f1xx_hal_tim_ex.o" --specs=nano.specs -mfloat-abi=soft -mthumb -o "Drivers/STM32F1xx_HAL_Driver/Src/stm32f1xx_hal_tim_ex.o"
arm-none-eabi-gcc -mcpu=cortex-m3 -g3 -DDEBUG -c -x assembler-with-cpp -MMD -MP -MF"Core/Startup/startup_stm32f103c6ux.d" -MT"Core/Startup/startup_stm32f103c6ux.o" --specs=nano.specs -mfloat-abi=soft -mthumb -o "Core/Startup/startup_stm32f103c6ux.o" "../Core/Startup/startup_stm32f103c6ux.s"
arm-none-eabi-gcc "../Core/Src/main.c" -mcpu=cortex-m3 -std=gnu11 -g3 -DDEBUG -DUSE_HAL_DRIVER -DSTM32F103x6 -c -I../Core/Inc -I../Drivers/STM32F1xx_HAL_Driver/Inc -I../Drivers/STM32F1xx_HAL_Driver/Inc/Legacy -I../Drivers/CMSIS/Device/ST/STM32F1xx/Include -I../Drivers/CMSIS/Include -O0 -ffunction-sections -fdata-sections -Wall -fstack-usage -MMD -MP -MF"Core/Src/main.d" -MT"Core/Src/main.o" --specs=nano.specs -mfloat-abi=soft -mthumb -o "Core/Src/main.o"
arm-none-eabi-gcc "../Core/Src/stm32f1xx_hal_msp.c" -mcpu=cortex-m3 -std=gnu11 -g3 -DDEBUG -DUSE_HAL_DRIVER -DSTM32F103x6 -c -I../Core/Inc -I../Drivers/STM32F1xx_HAL_Driver/Inc -I../Drivers/STM32F1xx_HAL_Driver/Inc/Legacy -I../Drivers/CMSIS/Device/ST/STM32F1xx/Include -I../Drivers/CMSIS/Include -O0 -ffunction-sections -fdata-sections -Wall -fstack-usage -MMD -MP -MF"Core/Src/stm32f1xx_hal_msp.d" -MT"Core/Src/stm32f1xx_hal_msp.o" --specs=nano.specs -mfloat-abi=soft -mthumb -o "Core/Src/stm32f1xx_hal_msp.o"
../Core/Src/main.c:43:1: error: unknown type name 'TIM_HandleTypeDef'; did you mean 'DMA_HandleTypeDef'?
   43 | TIM_HandleTypeDef htim2;
      | ^~~~~~~~~~~~~~~~~
      | DMA_HandleTypeDef
../Core/Src/main.c: In function 'display7SEG':
../Core/Src/main.c:61:23: error: 'SEG_0_GPIO_Port' undeclared (first use in this function)
   61 |     HAL_GPIO_WritePin(SEG_0_GPIO_Port, SEG_0_Pin, RESET);
      |                       ^~~~~~~~~~~~~~~
../Core/Src/main.c:61:23: note: each undeclared identifier is reported only once for each function it appears in
../Core/Src/main.c:61:40: error: 'SEG_0_Pin' undeclared (first use in this function)
   61 |     HAL_GPIO_WritePin(SEG_0_GPIO_Port, SEG_0_Pin, RESET);
      |                                        ^~~~~~~~~
../Core/Src/main.c:62:23: error: 'SEG_1_GPIO_Port' undeclared (first use in this function)
   62 |     HAL_GPIO_WritePin(SEG_1_GPIO_Port, SEG_1_Pin, RESET);
      |                       ^~~~~~~~~~~~~~~
../Core/Src/main.c:62:40: error: 'SEG_1_Pin' undeclared (first use in this function)
   62 |     HAL_GPIO_WritePin(SEG_1_GPIO_Port, SEG_1_Pin, RESET);
      |                                        ^~~~~~~~~
../Core/Src/main.c:63:23: error: 'SEG_2_GPIO_Port' undeclared (first use in this function)
   63 |     HAL_GPIO_WritePin(SEG_2_GPIO_Port, SEG_2_Pin, RESET);
      |                       ^~~~~~~~~~~~~~~
../Core/Src/main.c:63:40: error: 'SEG_2_Pin' undeclared (first use in this function)
   63 |     HAL_GPIO_WritePin(SEG_2_GPIO_Port, SEG_2_Pin, RESET);
      |                                        ^~~~~~~~~
../Core/Src/main.c:64:23: error: 'SEG_3_GPIO_Port' undeclared (first use in this function)
   64 |     HAL_GPIO_WritePin(SEG_3_GPIO_Port, SEG_3_Pin, RESET);
      |                       ^~~~~~~~~~~~~~~
../Core/Src/main.c:64:40: error: 'SEG_3_Pin' undeclared (first use in this function)
   64 |     HAL_GPIO_WritePin(SEG_3_GPIO_Port, SEG_3_Pin, RESET);
      |                                        ^~~~~~~~~
../Core/Src/main.c:65:23: error: 'SEG_4_GPIO_Port' undeclared (first use in this function)
   65 |     HAL_GPIO_WritePin(SEG_4_GPIO_Port, SEG_4_Pin, RESET);
      |                       ^~~~~~~~~~~~~~~
../Core/Src/main.c:65:40: error: 'SEG_4_Pin' undeclared (first use in this function)
   65 |     HAL_GPIO_WritePin(SEG_4_GPIO_Port, SEG_4_Pin, RESET);
      |                                        ^~~~~~~~~
../Core/Src/main.c:66:23: error: 'SEG_5_GPIO_Port' undeclared (first use in this function)
   66 |     HAL_GPIO_WritePin(SEG_5_GPIO_Port, SEG_5_Pin, RESET);
      |                       ^~~~~~~~~~~~~~~
../Core/Src/main.c:66:40: error: 'SEG_5_Pin' undeclared (first use in this function)
   66 |     HAL_GPIO_WritePin(SEG_5_GPIO_Port, SEG_5_Pin, RESET);
      |                                        ^~~~~~~~~
../Core/Src/main.c:67:23: error: 'SEG_6_GPIO_Port' undeclared (first use in this function)
   67 |     HAL_GPIO_WritePin(SEG_6_GPIO_Port, SEG_6_Pin, SET);
      |                       ^~~~~~~~~~~~~~~
../Core/Src/main.c:67:40: error: 'SEG_6_Pin' undeclared (first use in this function)
   67 |     HAL_GPIO_WritePin(SEG_6_GPIO_Port, SEG_6_Pin, SET);
      |                                        ^~~~~~~~~
../Core/Src/main.c: In function 'update7SEG':
../Core/Src/main.c:158:21: error: 'EN0_GPIO_Port' undeclared (first use in this function)
  158 |   HAL_GPIO_WritePin(EN0_GPIO_Port, EN0_Pin, RESET);
      |                     ^~~~~~~~~~~~~
../Core/Src/main.c:158:36: error: 'EN0_Pin' undeclared (first use in this function)
  158 |   HAL_GPIO_WritePin(EN0_GPIO_Port, EN0_Pin, RESET);
      |                                    ^~~~~~~
../Core/Src/main.c:159:21: error: 'EN1_GPIO_Port' undeclared (first use in this function)
  159 |   HAL_GPIO_WritePin(EN1_GPIO_Port, EN1_Pin, SET);
      |                     ^~~~~~~~~~~~~
../Core/Src/main.c:159:36: error: 'EN1_Pin' undeclared (first use in this function)
  159 |   HAL_GPIO_WritePin(EN1_GPIO_Port, EN1_Pin, SET);
      |                                    ^~~~~~~
../Core/Src/main.c:160:21: error: 'EN2_GPIO_Port' undeclared (first use in this function)
  160 |   HAL_GPIO_WritePin(EN2_GPIO_Port, EN2_Pin, SET);
      |                     ^~~~~~~~~~~~~
../Core/Src/main.c:160:36: error: 'EN2_Pin' undeclared (first use in this function)
  160 |   HAL_GPIO_WritePin(EN2_GPIO_Port, EN2_Pin, SET);
      |                                    ^~~~~~~
../Core/Src/main.c:161:21: error: 'EN3_GPIO_Port' undeclared (first use in this function)
  161 |   HAL_GPIO_WritePin(EN3_GPIO_Port, EN3_Pin, SET);
      |                     ^~~~~~~~~~~~~
../Core/Src/main.c:161:36: error: 'EN3_Pin' undeclared (first use in this function)
  161 |   HAL_GPIO_WritePin(EN3_GPIO_Port, EN3_Pin, SET);
      |                                    ^~~~~~~
../Core/Src/main.c: In function 'main':
../Core/Src/main.c:258:3: warning: implicit declaration of function 'HAL_TIM_Base_Start_IT'; did you mean 'HAL_DMA_Start_IT'? [-Wimplicit-function-declaration]
  258 |   HAL_TIM_Base_Start_IT(&htim2);
      |   ^~~~~~~~~~~~~~~~~~~~~
      |   HAL_DMA_Start_IT
../Core/Src/main.c:282:24: error: 'DOT_GPIO_Port' undeclared (first use in this function)
  282 |     HAL_GPIO_TogglePin(DOT_GPIO_Port, DOT_Pin);
      |                        ^~~~~~~~~~~~~
../Core/Src/main.c:282:39: error: 'DOT_Pin' undeclared (first use in this function)
  282 |     HAL_GPIO_TogglePin(DOT_GPIO_Port, DOT_Pin);
      |                                       ^~~~~~~
../Core/Src/main.c:283:24: error: 'RED_GPIO_Port' undeclared (first use in this function)
  283 |     HAL_GPIO_TogglePin(RED_GPIO_Port, RED_Pin);
      |                        ^~~~~~~~~~~~~
../Core/Src/main.c:283:39: error: 'RED_Pin' undeclared (first use in this function)
  283 |     HAL_GPIO_TogglePin(RED_GPIO_Port, RED_Pin);
      |                                       ^~~~~~~
../Core/Src/main.c: In function 'MX_TIM2_Init':
../Core/Src/main.c:347:3: error: unknown type name 'TIM_ClockConfigTypeDef'; did you mean 'EXTI_ConfigTypeDef'?
  347 |   TIM_ClockConfigTypeDef sClockSourceConfig = {0};
      |   ^~~~~~~~~~~~~~~~~~~~~~
      |   EXTI_ConfigTypeDef
../Core/Src/main.c:348:3: error: unknown type name 'TIM_MasterConfigTypeDef'
  348 |   TIM_MasterConfigTypeDef sMasterConfig = {0};
      |   ^~~~~~~~~~~~~~~~~~~~~~~
arm-none-eabi-gcc "../Core/Src/stm32f1xx_it.c" -mcpu=cortex-m3 -std=gnu11 -g3 -DDEBUG -DUSE_HAL_DRIVER -DSTM32F103x6 -c -I../Core/Inc -I../Drivers/STM32F1xx_HAL_Driver/Inc -I../Drivers/STM32F1xx_HAL_Driver/Inc/Legacy -I../Drivers/CMSIS/Device/ST/STM32F1xx/Include -I../Drivers/CMSIS/Include -O0 -ffunction-sections -fdata-sections -Wall -fstack-usage -MMD -MP -MF"Core/Src/stm32f1xx_it.d" -MT"Core/Src/stm32f1xx_it.o" --specs=nano.specs -mfloat-abi=soft -mthumb -o "Core/Src/stm32f1xx_it.o"
../Core/Src/main.c:353:8: error: request for member 'Instance' in something not a structure or union
  353 |   htim2.Instance = TIM2;
      |        ^
../Core/Src/main.c:354:8: error: request for member 'Init' in something not a structure or union
  354 |   htim2.Init.Prescaler = 7999;
      |        ^
../Core/Src/main.c:355:8: error: request for member 'Init' in something not a structure or union
  355 |   htim2.Init.CounterMode = TIM_COUNTERMODE_UP;
      |        ^
../Core/Src/main.c:355:28: error: 'TIM_COUNTERMODE_UP' undeclared (first use in this function)
  355 |   htim2.Init.CounterMode = TIM_COUNTERMODE_UP;
      |                            ^~~~~~~~~~~~~~~~~~
../Core/Src/main.c:356:8: error: request for member 'Init' in something not a structure or union
  356 |   htim2.Init.Period = 9;
      |        ^
../Core/Src/main.c:357:8: error: request for member 'Init' in something not a structure or union
  357 |   htim2.Init.ClockDivision = TIM_CLOCKDIVISION_DIV1;
      |        ^
../Core/Src/main.c:357:30: error: 'TIM_CLOCKDIVISION_DIV1' undeclared (first use in this function)
  357 |   htim2.Init.ClockDivision = TIM_CLOCKDIVISION_DIV1;
      |                              ^~~~~~~~~~~~~~~~~~~~~~
../Core/Src/main.c:358:8: error: request for member 'Init' in something not a structure or union
  358 |   htim2.Init.AutoReloadPreload = TIM_AUTORELOAD_PRELOAD_DISABLE;
      |        ^
../Core/Src/main.c:358:34: error: 'TIM_AUTORELOAD_PRELOAD_DISABLE' undeclared (first use in this function)
  358 |   htim2.Init.AutoReloadPreload = TIM_AUTORELOAD_PRELOAD_DISABLE;
      |                                  ^~~~~~~~~~~~~~~~~~~~~~~~~~~~~~
../Core/Src/main.c:359:7: warning: implicit declaration of function 'HAL_TIM_Base_Init' [-Wimplicit-function-declaration]
  359 |   if (HAL_TIM_Base_Init(&htim2) != HAL_OK)
      |       ^~~~~~~~~~~~~~~~~
../Core/Src/main.c:363:21: error: request for member 'ClockSource' in something not a structure or union
  363 |   sClockSourceConfig.ClockSource = TIM_CLOCKSOURCE_INTERNAL;
      |                     ^
../Core/Src/main.c:363:36: error: 'TIM_CLOCKSOURCE_INTERNAL' undeclared (first use in this function)
  363 |   sClockSourceConfig.ClockSource = TIM_CLOCKSOURCE_INTERNAL;
      |                                    ^~~~~~~~~~~~~~~~~~~~~~~~
../Core/Src/main.c:364:7: warning: implicit declaration of function 'HAL_TIM_ConfigClockSource' [-Wimplicit-function-declaration]
  364 |   if (HAL_TIM_ConfigClockSource(&htim2, &sClockSourceConfig) != HAL_OK)
      |       ^~~~~~~~~~~~~~~~~~~~~~~~~
../Core/Src/main.c:368:16: error: request for member 'MasterOutputTrigger' in something not a structure or union
  368 |   sMasterConfig.MasterOutputTrigger = TIM_TRGO_RESET;
      |                ^
../Core/Src/main.c:368:39: error: 'TIM_TRGO_RESET' undeclared (first use in this function)
  368 |   sMasterConfig.MasterOutputTrigger = TIM_TRGO_RESET;
      |                                       ^~~~~~~~~~~~~~
../Core/Src/main.c:369:16: error: request for member 'MasterSlaveMode' in something not a structure or union
  369 |   sMasterConfig.MasterSlaveMode = TIM_MASTERSLAVEMODE_DISABLE;
      |                ^
../Core/Src/main.c:369:35: error: 'TIM_MASTERSLAVEMODE_DISABLE' undeclared (first use in this function)
  369 |   sMasterConfig.MasterSlaveMode = TIM_MASTERSLAVEMODE_DISABLE;
      |                                   ^~~~~~~~~~~~~~~~~~~~~~~~~~~
../Core/Src/main.c:370:7: warning: implicit declaration of function 'HAL_TIMEx_MasterConfigSynchronization'; did you mean 'HAL_TIM_SlaveConfigSynchronization'? [-Wimplicit-function-declaration]
  370 |   if (HAL_TIMEx_MasterConfigSynchronization(&htim2, &sMasterConfig) != HAL_OK)
      |       ^~~~~~~~~~~~~~~~~~~~~~~~~~~~~~~~~~~~~
      |       HAL_TIM_SlaveConfigSynchronization
../Core/Src/main.c: In function 'MX_GPIO_Init':
../Core/Src/main.c:394:28: error: 'DOT_Pin' undeclared (first use in this function)
  394 |   HAL_GPIO_WritePin(GPIOA, DOT_Pin|RED_Pin|EN0_Pin|EN1_Pin
      |                            ^~~~~~~
../Core/Src/main.c:394:36: error: 'RED_Pin' undeclared (first use in this function)
  394 |   HAL_GPIO_WritePin(GPIOA, DOT_Pin|RED_Pin|EN0_Pin|EN1_Pin
      |                                    ^~~~~~~
../Core/Src/main.c:394:44: error: 'EN0_Pin' undeclared (first use in this function)
  394 |   HAL_GPIO_WritePin(GPIOA, DOT_Pin|RED_Pin|EN0_Pin|EN1_Pin
      |                                            ^~~~~~~
../Core/Src/main.c:394:52: error: 'EN1_Pin' undeclared (first use in this function)
  394 |   HAL_GPIO_WritePin(GPIOA, DOT_Pin|RED_Pin|EN0_Pin|EN1_Pin
      |                                                    ^~~~~~~
../Core/Src/main.c:395:28: error: 'EN2_Pin' undeclared (first use in this function)
  395 |                           |EN2_Pin|EN3_Pin, GPIO_PIN_RESET);
      |                            ^~~~~~~
../Core/Src/main.c:395:36: error: 'EN3_Pin' undeclared (first use in this function)
  395 |                           |EN2_Pin|EN3_Pin, GPIO_PIN_RESET);
      |                                    ^~~~~~~
../Core/Src/main.c:398:28: error: 'SEG_0_Pin' undeclared (first use in this function)
  398 |   HAL_GPIO_WritePin(GPIOB, SEG_0_Pin|SEG_1_Pin|SEG_2_Pin|SEG_3_Pin
      |                            ^~~~~~~~~
../Core/Src/main.c:398:38: error: 'SEG_1_Pin' undeclared (first use in this function)
  398 |   HAL_GPIO_WritePin(GPIOB, SEG_0_Pin|SEG_1_Pin|SEG_2_Pin|SEG_3_Pin
      |                                      ^~~~~~~~~
../Core/Src/main.c:398:48: error: 'SEG_2_Pin' undeclared (first use in this function)
  398 |   HAL_GPIO_WritePin(GPIOB, SEG_0_Pin|SEG_1_Pin|SEG_2_Pin|SEG_3_Pin
      |                                                ^~~~~~~~~
../Core/Src/main.c:398:58: error: 'SEG_3_Pin' undeclared (first use in this function)
  398 |   HAL_GPIO_WritePin(GPIOB, SEG_0_Pin|SEG_1_Pin|SEG_2_Pin|SEG_3_Pin
      |                                                          ^~~~~~~~~
../Core/Src/main.c:399:28: error: 'SEG_4_Pin' undeclared (first use in this function)
  399 |                           |SEG_4_Pin|SEG_5_Pin|SEG_6_Pin, GPIO_PIN_RESET);
      |                            ^~~~~~~~~
../Core/Src/main.c:399:38: error: 'SEG_5_Pin' undeclared (first use in this function)
  399 |                           |SEG_4_Pin|SEG_5_Pin|SEG_6_Pin, GPIO_PIN_RESET);
      |                                      ^~~~~~~~~
../Core/Src/main.c:399:48: error: 'SEG_6_Pin' undeclared (first use in this function)
  399 |                           |SEG_4_Pin|SEG_5_Pin|SEG_6_Pin, GPIO_PIN_RESET);
      |                                                ^~~~~~~~~
../Core/Src/main.c: At top level:
../Core/Src/main.c:422:36: error: unknown type name 'TIM_HandleTypeDef'; did you mean 'DMA_HandleTypeDef'?
  422 | void HAL_TIM_PeriodElapsedCallback(TIM_HandleTypeDef * htim){
      |                                    ^~~~~~~~~~~~~~~~~
      |                                    DMA_HandleTypeDef
make: *** [Core/Src/subdir.mk:34: Core/Src/main.o] Error 1
make: *** Waiting for unfinished jobs....
"make -j2 all" terminated with exit code 2. Build might be incomplete.
21:56:18 **** Incremental Build of configuration Debug for project ex7_8 ****
make -j2 all 
arm-none-eabi-gcc "../Core/Src/main.c" -mcpu=cortex-m3 -std=gnu11 -g3 -DDEBUG -DUSE_HAL_DRIVER -DSTM32F103x6 -c -I../Core/Inc -I../Drivers/STM32F1xx_HAL_Driver/Inc -I../Drivers/STM32F1xx_HAL_Driver/Inc/Legacy -I../Drivers/CMSIS/Device/ST/STM32F1xx/Include -I../Drivers/CMSIS/Include -O0 -ffunction-sections -fdata-sections -Wall -fstack-usage -MMD -MP -MF"Core/Src/main.d" -MT"Core/Src/main.o" --specs=nano.specs -mfloat-abi=soft -mthumb -o "Core/Src/main.o"
arm-none-eabi-gcc "../Core/Src/syscalls.c" -mcpu=cortex-m3 -std=gnu11 -g3 -DDEBUG -DUSE_HAL_DRIVER -DSTM32F103x6 -c -I../Core/Inc -I../Drivers/STM32F1xx_HAL_Driver/Inc -I../Drivers/STM32F1xx_HAL_Driver/Inc/Legacy -I../Drivers/CMSIS/Device/ST/STM32F1xx/Include -I../Drivers/CMSIS/Include -O0 -ffunction-sections -fdata-sections -Wall -fstack-usage -MMD -MP -MF"Core/Src/syscalls.d" -MT"Core/Src/syscalls.o" --specs=nano.specs -mfloat-abi=soft -mthumb -o "Core/Src/syscalls.o"
../Core/Src/main.c:43:1: error: unknown type name 'TIM_HandleTypeDef'; did you mean 'DMA_HandleTypeDef'?
   43 | TIM_HandleTypeDef htim2;
      | ^~~~~~~~~~~~~~~~~
      | DMA_HandleTypeDef
../Core/Src/main.c: In function 'display7SEG':
../Core/Src/main.c:61:23: error: 'SEG_0_GPIO_Port' undeclared (first use in this function)
   61 |     HAL_GPIO_WritePin(SEG_0_GPIO_Port, SEG_0_Pin, RESET);
      |                       ^~~~~~~~~~~~~~~
../Core/Src/main.c:61:23: note: each undeclared identifier is reported only once for each function it appears in
../Core/Src/main.c:61:40: error: 'SEG_0_Pin' undeclared (first use in this function)
   61 |     HAL_GPIO_WritePin(SEG_0_GPIO_Port, SEG_0_Pin, RESET);
      |                                        ^~~~~~~~~
../Core/Src/main.c:62:23: error: 'SEG_1_GPIO_Port' undeclared (first use in this function)
   62 |     HAL_GPIO_WritePin(SEG_1_GPIO_Port, SEG_1_Pin, RESET);
      |                       ^~~~~~~~~~~~~~~
../Core/Src/main.c:62:40: error: 'SEG_1_Pin' undeclared (first use in this function)
   62 |     HAL_GPIO_WritePin(SEG_1_GPIO_Port, SEG_1_Pin, RESET);
      |                                        ^~~~~~~~~
../Core/Src/main.c:63:23: error: 'SEG_2_GPIO_Port' undeclared (first use in this function)
   63 |     HAL_GPIO_WritePin(SEG_2_GPIO_Port, SEG_2_Pin, RESET);
      |                       ^~~~~~~~~~~~~~~
../Core/Src/main.c:63:40: error: 'SEG_2_Pin' undeclared (first use in this function)
   63 |     HAL_GPIO_WritePin(SEG_2_GPIO_Port, SEG_2_Pin, RESET);
      |                                        ^~~~~~~~~
../Core/Src/main.c:64:23: error: 'SEG_3_GPIO_Port' undeclared (first use in this function)
   64 |     HAL_GPIO_WritePin(SEG_3_GPIO_Port, SEG_3_Pin, RESET);
      |                       ^~~~~~~~~~~~~~~
../Core/Src/main.c:64:40: error: 'SEG_3_Pin' undeclared (first use in this function)
   64 |     HAL_GPIO_WritePin(SEG_3_GPIO_Port, SEG_3_Pin, RESET);
      |                                        ^~~~~~~~~
../Core/Src/main.c:65:23: error: 'SEG_4_GPIO_Port' undeclared (first use in this function)
   65 |     HAL_GPIO_WritePin(SEG_4_GPIO_Port, SEG_4_Pin, RESET);
      |                       ^~~~~~~~~~~~~~~
../Core/Src/main.c:65:40: error: 'SEG_4_Pin' undeclared (first use in this function)
   65 |     HAL_GPIO_WritePin(SEG_4_GPIO_Port, SEG_4_Pin, RESET);
      |                                        ^~~~~~~~~
../Core/Src/main.c:66:23: error: 'SEG_5_GPIO_Port' undeclared (first use in this function)
   66 |     HAL_GPIO_WritePin(SEG_5_GPIO_Port, SEG_5_Pin, RESET);
      |                       ^~~~~~~~~~~~~~~
../Core/Src/main.c:66:40: error: 'SEG_5_Pin' undeclared (first use in this function)
   66 |     HAL_GPIO_WritePin(SEG_5_GPIO_Port, SEG_5_Pin, RESET);
      |                                        ^~~~~~~~~
../Core/Src/main.c:67:23: error: 'SEG_6_GPIO_Port' undeclared (first use in this function)
   67 |     HAL_GPIO_WritePin(SEG_6_GPIO_Port, SEG_6_Pin, SET);
      |                       ^~~~~~~~~~~~~~~
../Core/Src/main.c:67:40: error: 'SEG_6_Pin' undeclared (first use in this function)
   67 |     HAL_GPIO_WritePin(SEG_6_GPIO_Port, SEG_6_Pin, SET);
      |                                        ^~~~~~~~~
arm-none-eabi-gcc "../Core/Src/sysmem.c" -mcpu=cortex-m3 -std=gnu11 -g3 -DDEBUG -DUSE_HAL_DRIVER -DSTM32F103x6 -c -I../Core/Inc -I../Drivers/STM32F1xx_HAL_Driver/Inc -I../Drivers/STM32F1xx_HAL_Driver/Inc/Legacy -I../Drivers/CMSIS/Device/ST/STM32F1xx/Include -I../Drivers/CMSIS/Include -O0 -ffunction-sections -fdata-sections -Wall -fstack-usage -MMD -MP -MF"Core/Src/sysmem.d" -MT"Core/Src/sysmem.o" --specs=nano.specs -mfloat-abi=soft -mthumb -o "Core/Src/sysmem.o"
../Core/Src/main.c: In function 'update7SEG':
../Core/Src/main.c:158:21: error: 'EN0_GPIO_Port' undeclared (first use in this function)
  158 |   HAL_GPIO_WritePin(EN0_GPIO_Port, EN0_Pin, RESET);
      |                     ^~~~~~~~~~~~~
../Core/Src/main.c:158:36: error: 'EN0_Pin' undeclared (first use in this function)
  158 |   HAL_GPIO_WritePin(EN0_GPIO_Port, EN0_Pin, RESET);
      |                                    ^~~~~~~
../Core/Src/main.c:159:21: error: 'EN1_GPIO_Port' undeclared (first use in this function)
  159 |   HAL_GPIO_WritePin(EN1_GPIO_Port, EN1_Pin, SET);
      |                     ^~~~~~~~~~~~~
../Core/Src/main.c:159:36: error: 'EN1_Pin' undeclared (first use in this function)
  159 |   HAL_GPIO_WritePin(EN1_GPIO_Port, EN1_Pin, SET);
      |                                    ^~~~~~~
../Core/Src/main.c:160:21: error: 'EN2_GPIO_Port' undeclared (first use in this function)
  160 |   HAL_GPIO_WritePin(EN2_GPIO_Port, EN2_Pin, SET);
      |                     ^~~~~~~~~~~~~
../Core/Src/main.c:160:36: error: 'EN2_Pin' undeclared (first use in this function)
  160 |   HAL_GPIO_WritePin(EN2_GPIO_Port, EN2_Pin, SET);
      |                                    ^~~~~~~
../Core/Src/main.c:161:21: error: 'EN3_GPIO_Port' undeclared (first use in this function)
  161 |   HAL_GPIO_WritePin(EN3_GPIO_Port, EN3_Pin, SET);
      |                     ^~~~~~~~~~~~~
../Core/Src/main.c:161:36: error: 'EN3_Pin' undeclared (first use in this function)
  161 |   HAL_GPIO_WritePin(EN3_GPIO_Port, EN3_Pin, SET);
      |                                    ^~~~~~~
../Core/Src/main.c: In function 'main':
../Core/Src/main.c:258:3: warning: implicit declaration of function 'HAL_TIM_Base_Start_IT'; did you mean 'HAL_DMA_Start_IT'? [-Wimplicit-function-declaration]
  258 |   HAL_TIM_Base_Start_IT(&htim2);
      |   ^~~~~~~~~~~~~~~~~~~~~
      |   HAL_DMA_Start_IT
../Core/Src/main.c:282:24: error: 'DOT_GPIO_Port' undeclared (first use in this function)
  282 |     HAL_GPIO_TogglePin(DOT_GPIO_Port, DOT_Pin);
      |                        ^~~~~~~~~~~~~
../Core/Src/main.c:282:39: error: 'DOT_Pin' undeclared (first use in this function)
  282 |     HAL_GPIO_TogglePin(DOT_GPIO_Port, DOT_Pin);
      |                                       ^~~~~~~
../Core/Src/main.c:283:24: error: 'RED_GPIO_Port' undeclared (first use in this function)
  283 |     HAL_GPIO_TogglePin(RED_GPIO_Port, RED_Pin);
      |                        ^~~~~~~~~~~~~
../Core/Src/main.c:283:39: error: 'RED_Pin' undeclared (first use in this function)
  283 |     HAL_GPIO_TogglePin(RED_GPIO_Port, RED_Pin);
      |                                       ^~~~~~~
../Core/Src/main.c: In function 'MX_TIM2_Init':
../Core/Src/main.c:347:3: error: unknown type name 'TIM_ClockConfigTypeDef'; did you mean 'EXTI_ConfigTypeDef'?
  347 |   TIM_ClockConfigTypeDef sClockSourceConfig = {0};
      |   ^~~~~~~~~~~~~~~~~~~~~~
      |   EXTI_ConfigTypeDef
arm-none-eabi-gcc "../Core/Src/system_stm32f1xx.c" -mcpu=cortex-m3 -std=gnu11 -g3 -DDEBUG -DUSE_HAL_DRIVER -DSTM32F103x6 -c -I../Core/Inc -I../Drivers/STM32F1xx_HAL_Driver/Inc -I../Drivers/STM32F1xx_HAL_Driver/Inc/Legacy -I../Drivers/CMSIS/Device/ST/STM32F1xx/Include -I../Drivers/CMSIS/Include -O0 -ffunction-sections -fdata-sections -Wall -fstack-usage -MMD -MP -MF"Core/Src/system_stm32f1xx.d" -MT"Core/Src/system_stm32f1xx.o" --specs=nano.specs -mfloat-abi=soft -mthumb -o "Core/Src/system_stm32f1xx.o"
../Core/Src/main.c:348:3: error: unknown type name 'TIM_MasterConfigTypeDef'
  348 |   TIM_MasterConfigTypeDef sMasterConfig = {0};
      |   ^~~~~~~~~~~~~~~~~~~~~~~
../Core/Src/main.c:353:8: error: request for member 'Instance' in something not a structure or union
  353 |   htim2.Instance = TIM2;
      |        ^
../Core/Src/main.c:354:8: error: request for member 'Init' in something not a structure or union
  354 |   htim2.Init.Prescaler = 7999;
      |        ^
../Core/Src/main.c:355:8: error: request for member 'Init' in something not a structure or union
  355 |   htim2.Init.CounterMode = TIM_COUNTERMODE_UP;
      |        ^
../Core/Src/main.c:355:28: error: 'TIM_COUNTERMODE_UP' undeclared (first use in this function)
  355 |   htim2.Init.CounterMode = TIM_COUNTERMODE_UP;
      |                            ^~~~~~~~~~~~~~~~~~
../Core/Src/main.c:356:8: error: request for member 'Init' in something not a structure or union
  356 |   htim2.Init.Period = 9;
      |        ^
../Core/Src/main.c:357:8: error: request for member 'Init' in something not a structure or union
  357 |   htim2.Init.ClockDivision = TIM_CLOCKDIVISION_DIV1;
      |        ^
../Core/Src/main.c:357:30: error: 'TIM_CLOCKDIVISION_DIV1' undeclared (first use in this function)
  357 |   htim2.Init.ClockDivision = TIM_CLOCKDIVISION_DIV1;
      |                              ^~~~~~~~~~~~~~~~~~~~~~
../Core/Src/main.c:358:8: error: request for member 'Init' in something not a structure or union
  358 |   htim2.Init.AutoReloadPreload = TIM_AUTORELOAD_PRELOAD_DISABLE;
      |        ^
../Core/Src/main.c:358:34: error: 'TIM_AUTORELOAD_PRELOAD_DISABLE' undeclared (first use in this function)
  358 |   htim2.Init.AutoReloadPreload = TIM_AUTORELOAD_PRELOAD_DISABLE;
      |                                  ^~~~~~~~~~~~~~~~~~~~~~~~~~~~~~
../Core/Src/main.c:359:7: warning: implicit declaration of function 'HAL_TIM_Base_Init' [-Wimplicit-function-declaration]
  359 |   if (HAL_TIM_Base_Init(&htim2) != HAL_OK)
      |       ^~~~~~~~~~~~~~~~~
../Core/Src/main.c:363:21: error: request for member 'ClockSource' in something not a structure or union
  363 |   sClockSourceConfig.ClockSource = TIM_CLOCKSOURCE_INTERNAL;
      |                     ^
../Core/Src/main.c:363:36: error: 'TIM_CLOCKSOURCE_INTERNAL' undeclared (first use in this function)
  363 |   sClockSourceConfig.ClockSource = TIM_CLOCKSOURCE_INTERNAL;
      |                                    ^~~~~~~~~~~~~~~~~~~~~~~~
../Core/Src/main.c:364:7: warning: implicit declaration of function 'HAL_TIM_ConfigClockSource' [-Wimplicit-function-declaration]
  364 |   if (HAL_TIM_ConfigClockSource(&htim2, &sClockSourceConfig) != HAL_OK)
      |       ^~~~~~~~~~~~~~~~~~~~~~~~~
../Core/Src/main.c:368:16: error: request for member 'MasterOutputTrigger' in something not a structure or union
  368 |   sMasterConfig.MasterOutputTrigger = TIM_TRGO_RESET;
      |                ^
../Core/Src/main.c:368:39: error: 'TIM_TRGO_RESET' undeclared (first use in this function)
  368 |   sMasterConfig.MasterOutputTrigger = TIM_TRGO_RESET;
      |                                       ^~~~~~~~~~~~~~
../Core/Src/main.c:369:16: error: request for member 'MasterSlaveMode' in something not a structure or union
  369 |   sMasterConfig.MasterSlaveMode = TIM_MASTERSLAVEMODE_DISABLE;
      |                ^
../Core/Src/main.c:369:35: error: 'TIM_MASTERSLAVEMODE_DISABLE' undeclared (first use in this function)
  369 |   sMasterConfig.MasterSlaveMode = TIM_MASTERSLAVEMODE_DISABLE;
      |                                   ^~~~~~~~~~~~~~~~~~~~~~~~~~~
../Core/Src/main.c:370:7: warning: implicit declaration of function 'HAL_TIMEx_MasterConfigSynchronization'; did you mean 'HAL_TIM_SlaveConfigSynchronization'? [-Wimplicit-function-declaration]
  370 |   if (HAL_TIMEx_MasterConfigSynchronization(&htim2, &sMasterConfig) != HAL_OK)
      |       ^~~~~~~~~~~~~~~~~~~~~~~~~~~~~~~~~~~~~
      |       HAL_TIM_SlaveConfigSynchronization
../Core/Src/main.c: In function 'MX_GPIO_Init':
../Core/Src/main.c:394:28: error: 'DOT_Pin' undeclared (first use in this function)
  394 |   HAL_GPIO_WritePin(GPIOA, DOT_Pin|RED_Pin|EN0_Pin|EN1_Pin
      |                            ^~~~~~~
../Core/Src/main.c:394:36: error: 'RED_Pin' undeclared (first use in this function)
  394 |   HAL_GPIO_WritePin(GPIOA, DOT_Pin|RED_Pin|EN0_Pin|EN1_Pin
      |                                    ^~~~~~~
../Core/Src/main.c:394:44: error: 'EN0_Pin' undeclared (first use in this function)
  394 |   HAL_GPIO_WritePin(GPIOA, DOT_Pin|RED_Pin|EN0_Pin|EN1_Pin
      |                                            ^~~~~~~
../Core/Src/main.c:394:52: error: 'EN1_Pin' undeclared (first use in this function)
  394 |   HAL_GPIO_WritePin(GPIOA, DOT_Pin|RED_Pin|EN0_Pin|EN1_Pin
      |                                                    ^~~~~~~
../Core/Src/main.c:395:28: error: 'EN2_Pin' undeclared (first use in this function)
  395 |                           |EN2_Pin|EN3_Pin, GPIO_PIN_RESET);
      |                            ^~~~~~~
../Core/Src/main.c:395:36: error: 'EN3_Pin' undeclared (first use in this function)
  395 |                           |EN2_Pin|EN3_Pin, GPIO_PIN_RESET);
      |                                    ^~~~~~~
../Core/Src/main.c:398:28: error: 'SEG_0_Pin' undeclared (first use in this function)
  398 |   HAL_GPIO_WritePin(GPIOB, SEG_0_Pin|SEG_1_Pin|SEG_2_Pin|SEG_3_Pin
      |                            ^~~~~~~~~
../Core/Src/main.c:398:38: error: 'SEG_1_Pin' undeclared (first use in this function)
  398 |   HAL_GPIO_WritePin(GPIOB, SEG_0_Pin|SEG_1_Pin|SEG_2_Pin|SEG_3_Pin
      |                                      ^~~~~~~~~
../Core/Src/main.c:398:48: error: 'SEG_2_Pin' undeclared (first use in this function)
  398 |   HAL_GPIO_WritePin(GPIOB, SEG_0_Pin|SEG_1_Pin|SEG_2_Pin|SEG_3_Pin
      |                                                ^~~~~~~~~
../Core/Src/main.c:398:58: error: 'SEG_3_Pin' undeclared (first use in this function)
  398 |   HAL_GPIO_WritePin(GPIOB, SEG_0_Pin|SEG_1_Pin|SEG_2_Pin|SEG_3_Pin
      |                                                          ^~~~~~~~~
../Core/Src/main.c:399:28: error: 'SEG_4_Pin' undeclared (first use in this function)
  399 |                           |SEG_4_Pin|SEG_5_Pin|SEG_6_Pin, GPIO_PIN_RESET);
      |                            ^~~~~~~~~
../Core/Src/main.c:399:38: error: 'SEG_5_Pin' undeclared (first use in this function)
  399 |                           |SEG_4_Pin|SEG_5_Pin|SEG_6_Pin, GPIO_PIN_RESET);
      |                                      ^~~~~~~~~
../Core/Src/main.c:399:48: error: 'SEG_6_Pin' undeclared (first use in this function)
  399 |                           |SEG_4_Pin|SEG_5_Pin|SEG_6_Pin, GPIO_PIN_RESET);
      |                                                ^~~~~~~~~
../Core/Src/main.c: At top level:
../Core/Src/main.c:422:36: error: unknown type name 'TIM_HandleTypeDef'; did you mean 'DMA_HandleTypeDef'?
  422 | void HAL_TIM_PeriodElapsedCallback(TIM_HandleTypeDef * htim){
      |                                    ^~~~~~~~~~~~~~~~~
      |                                    DMA_HandleTypeDef
make: *** [Core/Src/subdir.mk:34: Core/Src/main.o] Error 1
make: *** Waiting for unfinished jobs....
"make -j2 all" terminated with exit code 2. Build might be incomplete.
21:58:41 **** Incremental Build of configuration Debug for project ex7_8 ****
make -j2 all 
arm-none-eabi-gcc "../Core/Src/main.c" -mcpu=cortex-m3 -std=gnu11 -g3 -DDEBUG -DUSE_HAL_DRIVER -DSTM32F103x6 -c -I../Core/Inc -I../Drivers/STM32F1xx_HAL_Driver/Inc -I../Drivers/STM32F1xx_HAL_Driver/Inc/Legacy -I../Drivers/CMSIS/Device/ST/STM32F1xx/Include -I../Drivers/CMSIS/Include -O0 -ffunction-sections -fdata-sections -Wall -fstack-usage -MMD -MP -MF"Core/Src/main.d" -MT"Core/Src/main.o" --specs=nano.specs -mfloat-abi=soft -mthumb -o "Core/Src/main.o"
../Core/Src/main.c:43:1: error: unknown type name 'TIM_HandleTypeDef'; did you mean 'DMA_HandleTypeDef'?
   43 | TIM_HandleTypeDef htim2;
      | ^~~~~~~~~~~~~~~~~
      | DMA_HandleTypeDef
../Core/Src/main.c: In function 'display7SEG':
../Core/Src/main.c:61:23: error: 'SEG_0_GPIO_Port' undeclared (first use in this function)
   61 |     HAL_GPIO_WritePin(SEG_0_GPIO_Port, SEG_0_Pin, RESET);
      |                       ^~~~~~~~~~~~~~~
../Core/Src/main.c:61:23: note: each undeclared identifier is reported only once for each function it appears in
../Core/Src/main.c:61:40: error: 'SEG_0_Pin' undeclared (first use in this function)
   61 |     HAL_GPIO_WritePin(SEG_0_GPIO_Port, SEG_0_Pin, RESET);
      |                                        ^~~~~~~~~
../Core/Src/main.c:62:23: error: 'SEG_1_GPIO_Port' undeclared (first use in this function)
   62 |     HAL_GPIO_WritePin(SEG_1_GPIO_Port, SEG_1_Pin, RESET);
      |                       ^~~~~~~~~~~~~~~
../Core/Src/main.c:62:40: error: 'SEG_1_Pin' undeclared (first use in this function)
   62 |     HAL_GPIO_WritePin(SEG_1_GPIO_Port, SEG_1_Pin, RESET);
      |                                        ^~~~~~~~~
../Core/Src/main.c:63:23: error: 'SEG_2_GPIO_Port' undeclared (first use in this function)
   63 |     HAL_GPIO_WritePin(SEG_2_GPIO_Port, SEG_2_Pin, RESET);
      |                       ^~~~~~~~~~~~~~~
../Core/Src/main.c:63:40: error: 'SEG_2_Pin' undeclared (first use in this function)
   63 |     HAL_GPIO_WritePin(SEG_2_GPIO_Port, SEG_2_Pin, RESET);
      |                                        ^~~~~~~~~
../Core/Src/main.c:64:23: error: 'SEG_3_GPIO_Port' undeclared (first use in this function)
   64 |     HAL_GPIO_WritePin(SEG_3_GPIO_Port, SEG_3_Pin, RESET);
      |                       ^~~~~~~~~~~~~~~
../Core/Src/main.c:64:40: error: 'SEG_3_Pin' undeclared (first use in this function)
   64 |     HAL_GPIO_WritePin(SEG_3_GPIO_Port, SEG_3_Pin, RESET);
      |                                        ^~~~~~~~~
../Core/Src/main.c:65:23: error: 'SEG_4_GPIO_Port' undeclared (first use in this function)
   65 |     HAL_GPIO_WritePin(SEG_4_GPIO_Port, SEG_4_Pin, RESET);
      |                       ^~~~~~~~~~~~~~~
../Core/Src/main.c:65:40: error: 'SEG_4_Pin' undeclared (first use in this function)
   65 |     HAL_GPIO_WritePin(SEG_4_GPIO_Port, SEG_4_Pin, RESET);
      |                                        ^~~~~~~~~
../Core/Src/main.c:66:23: error: 'SEG_5_GPIO_Port' undeclared (first use in this function)
   66 |     HAL_GPIO_WritePin(SEG_5_GPIO_Port, SEG_5_Pin, RESET);
      |                       ^~~~~~~~~~~~~~~
../Core/Src/main.c:66:40: error: 'SEG_5_Pin' undeclared (first use in this function)
   66 |     HAL_GPIO_WritePin(SEG_5_GPIO_Port, SEG_5_Pin, RESET);
      |                                        ^~~~~~~~~
../Core/Src/main.c:67:23: error: 'SEG_6_GPIO_Port' undeclared (first use in this function)
   67 |     HAL_GPIO_WritePin(SEG_6_GPIO_Port, SEG_6_Pin, SET);
      |                       ^~~~~~~~~~~~~~~
../Core/Src/main.c:67:40: error: 'SEG_6_Pin' undeclared (first use in this function)
   67 |     HAL_GPIO_WritePin(SEG_6_GPIO_Port, SEG_6_Pin, SET);
      |                                        ^~~~~~~~~
../Core/Src/main.c: In function 'update7SEG':
../Core/Src/main.c:158:21: error: 'EN0_GPIO_Port' undeclared (first use in this function)
  158 |   HAL_GPIO_WritePin(EN0_GPIO_Port, EN0_Pin, RESET);
      |                     ^~~~~~~~~~~~~
../Core/Src/main.c:158:36: error: 'EN0_Pin' undeclared (first use in this function)
  158 |   HAL_GPIO_WritePin(EN0_GPIO_Port, EN0_Pin, RESET);
      |                                    ^~~~~~~
../Core/Src/main.c:159:21: error: 'EN1_GPIO_Port' undeclared (first use in this function)
  159 |   HAL_GPIO_WritePin(EN1_GPIO_Port, EN1_Pin, SET);
      |                     ^~~~~~~~~~~~~
../Core/Src/main.c:159:36: error: 'EN1_Pin' undeclared (first use in this function)
  159 |   HAL_GPIO_WritePin(EN1_GPIO_Port, EN1_Pin, SET);
      |                                    ^~~~~~~
../Core/Src/main.c:160:21: error: 'EN2_GPIO_Port' undeclared (first use in this function)
  160 |   HAL_GPIO_WritePin(EN2_GPIO_Port, EN2_Pin, SET);
      |                     ^~~~~~~~~~~~~
../Core/Src/main.c:160:36: error: 'EN2_Pin' undeclared (first use in this function)
  160 |   HAL_GPIO_WritePin(EN2_GPIO_Port, EN2_Pin, SET);
      |                                    ^~~~~~~
../Core/Src/main.c:161:21: error: 'EN3_GPIO_Port' undeclared (first use in this function)
  161 |   HAL_GPIO_WritePin(EN3_GPIO_Port, EN3_Pin, SET);
      |                     ^~~~~~~~~~~~~
../Core/Src/main.c:161:36: error: 'EN3_Pin' undeclared (first use in this function)
  161 |   HAL_GPIO_WritePin(EN3_GPIO_Port, EN3_Pin, SET);
      |                                    ^~~~~~~
../Core/Src/main.c: In function 'main':
../Core/Src/main.c:258:3: warning: implicit declaration of function 'HAL_TIM_Base_Start_IT'; did you mean 'HAL_DMA_Start_IT'? [-Wimplicit-function-declaration]
  258 |   HAL_TIM_Base_Start_IT(&htim2);
      |   ^~~~~~~~~~~~~~~~~~~~~
      |   HAL_DMA_Start_IT
../Core/Src/main.c:282:24: error: 'DOT_GPIO_Port' undeclared (first use in this function)
  282 |     HAL_GPIO_TogglePin(DOT_GPIO_Port, DOT_Pin);
      |                        ^~~~~~~~~~~~~
../Core/Src/main.c:282:39: error: 'DOT_Pin' undeclared (first use in this function)
  282 |     HAL_GPIO_TogglePin(DOT_GPIO_Port, DOT_Pin);
      |                                       ^~~~~~~
../Core/Src/main.c:283:24: error: 'RED_GPIO_Port' undeclared (first use in this function)
  283 |     HAL_GPIO_TogglePin(RED_GPIO_Port, RED_Pin);
      |                        ^~~~~~~~~~~~~
../Core/Src/main.c:283:39: error: 'RED_Pin' undeclared (first use in this function)
  283 |     HAL_GPIO_TogglePin(RED_GPIO_Port, RED_Pin);
      |                                       ^~~~~~~
../Core/Src/main.c: In function 'MX_TIM2_Init':
../Core/Src/main.c:347:3: error: unknown type name 'TIM_ClockConfigTypeDef'; did you mean 'EXTI_ConfigTypeDef'?
  347 |   TIM_ClockConfigTypeDef sClockSourceConfig = {0};
      |   ^~~~~~~~~~~~~~~~~~~~~~
      |   EXTI_ConfigTypeDef
../Core/Src/main.c:348:3: error: unknown type name 'TIM_MasterConfigTypeDef'
  348 |   TIM_MasterConfigTypeDef sMasterConfig = {0};
      |   ^~~~~~~~~~~~~~~~~~~~~~~
../Core/Src/main.c:353:8: error: request for member 'Instance' in something not a structure or union
  353 |   htim2.Instance = TIM2;
      |        ^
../Core/Src/main.c:354:8: error: request for member 'Init' in something not a structure or union
  354 |   htim2.Init.Prescaler = 7999;
      |        ^
../Core/Src/main.c:355:8: error: request for member 'Init' in something not a structure or union
  355 |   htim2.Init.CounterMode = TIM_COUNTERMODE_UP;
      |        ^
../Core/Src/main.c:355:28: error: 'TIM_COUNTERMODE_UP' undeclared (first use in this function)
  355 |   htim2.Init.CounterMode = TIM_COUNTERMODE_UP;
      |                            ^~~~~~~~~~~~~~~~~~
../Core/Src/main.c:356:8: error: request for member 'Init' in something not a structure or union
  356 |   htim2.Init.Period = 9;
      |        ^
../Core/Src/main.c:357:8: error: request for member 'Init' in something not a structure or union
  357 |   htim2.Init.ClockDivision = TIM_CLOCKDIVISION_DIV1;
      |        ^
../Core/Src/main.c:357:30: error: 'TIM_CLOCKDIVISION_DIV1' undeclared (first use in this function)
  357 |   htim2.Init.ClockDivision = TIM_CLOCKDIVISION_DIV1;
      |                              ^~~~~~~~~~~~~~~~~~~~~~
../Core/Src/main.c:358:8: error: request for member 'Init' in something not a structure or union
  358 |   htim2.Init.AutoReloadPreload = TIM_AUTORELOAD_PRELOAD_DISABLE;
      |        ^
../Core/Src/main.c:358:34: error: 'TIM_AUTORELOAD_PRELOAD_DISABLE' undeclared (first use in this function)
  358 |   htim2.Init.AutoReloadPreload = TIM_AUTORELOAD_PRELOAD_DISABLE;
      |                                  ^~~~~~~~~~~~~~~~~~~~~~~~~~~~~~
../Core/Src/main.c:359:7: warning: implicit declaration of function 'HAL_TIM_Base_Init' [-Wimplicit-function-declaration]
  359 |   if (HAL_TIM_Base_Init(&htim2) != HAL_OK)
      |       ^~~~~~~~~~~~~~~~~
../Core/Src/main.c:363:21: error: request for member 'ClockSource' in something not a structure or union
  363 |   sClockSourceConfig.ClockSource = TIM_CLOCKSOURCE_INTERNAL;
      |                     ^
../Core/Src/main.c:363:36: error: 'TIM_CLOCKSOURCE_INTERNAL' undeclared (first use in this function)
  363 |   sClockSourceConfig.ClockSource = TIM_CLOCKSOURCE_INTERNAL;
      |                                    ^~~~~~~~~~~~~~~~~~~~~~~~
../Core/Src/main.c:364:7: warning: implicit declaration of function 'HAL_TIM_ConfigClockSource' [-Wimplicit-function-declaration]
  364 |   if (HAL_TIM_ConfigClockSource(&htim2, &sClockSourceConfig) != HAL_OK)
      |       ^~~~~~~~~~~~~~~~~~~~~~~~~
../Core/Src/main.c:368:16: error: request for member 'MasterOutputTrigger' in something not a structure or union
  368 |   sMasterConfig.MasterOutputTrigger = TIM_TRGO_RESET;
      |                ^
../Core/Src/main.c:368:39: error: 'TIM_TRGO_RESET' undeclared (first use in this function)
  368 |   sMasterConfig.MasterOutputTrigger = TIM_TRGO_RESET;
      |                                       ^~~~~~~~~~~~~~
../Core/Src/main.c:369:16: error: request for member 'MasterSlaveMode' in something not a structure or union
  369 |   sMasterConfig.MasterSlaveMode = TIM_MASTERSLAVEMODE_DISABLE;
      |                ^
../Core/Src/main.c:369:35: error: 'TIM_MASTERSLAVEMODE_DISABLE' undeclared (first use in this function)
  369 |   sMasterConfig.MasterSlaveMode = TIM_MASTERSLAVEMODE_DISABLE;
      |                                   ^~~~~~~~~~~~~~~~~~~~~~~~~~~
../Core/Src/main.c:370:7: warning: implicit declaration of function 'HAL_TIMEx_MasterConfigSynchronization'; did you mean 'HAL_TIM_SlaveConfigSynchronization'? [-Wimplicit-function-declaration]
  370 |   if (HAL_TIMEx_MasterConfigSynchronization(&htim2, &sMasterConfig) != HAL_OK)
      |       ^~~~~~~~~~~~~~~~~~~~~~~~~~~~~~~~~~~~~
      |       HAL_TIM_SlaveConfigSynchronization
../Core/Src/main.c: In function 'MX_GPIO_Init':
../Core/Src/main.c:394:28: error: 'DOT_Pin' undeclared (first use in this function)
  394 |   HAL_GPIO_WritePin(GPIOA, DOT_Pin|RED_Pin|EN0_Pin|EN1_Pin
      |                            ^~~~~~~
../Core/Src/main.c:394:36: error: 'RED_Pin' undeclared (first use in this function)
  394 |   HAL_GPIO_WritePin(GPIOA, DOT_Pin|RED_Pin|EN0_Pin|EN1_Pin
      |                                    ^~~~~~~
../Core/Src/main.c:394:44: error: 'EN0_Pin' undeclared (first use in this function)
  394 |   HAL_GPIO_WritePin(GPIOA, DOT_Pin|RED_Pin|EN0_Pin|EN1_Pin
      |                                            ^~~~~~~
../Core/Src/main.c:394:52: error: 'EN1_Pin' undeclared (first use in this function)
  394 |   HAL_GPIO_WritePin(GPIOA, DOT_Pin|RED_Pin|EN0_Pin|EN1_Pin
      |                                                    ^~~~~~~
../Core/Src/main.c:395:28: error: 'EN2_Pin' undeclared (first use in this function)
  395 |                           |EN2_Pin|EN3_Pin, GPIO_PIN_RESET);
      |                            ^~~~~~~
../Core/Src/main.c:395:36: error: 'EN3_Pin' undeclared (first use in this function)
  395 |                           |EN2_Pin|EN3_Pin, GPIO_PIN_RESET);
      |                                    ^~~~~~~
../Core/Src/main.c:398:28: error: 'SEG_0_Pin' undeclared (first use in this function)
  398 |   HAL_GPIO_WritePin(GPIOB, SEG_0_Pin|SEG_1_Pin|SEG_2_Pin|SEG_3_Pin
      |                            ^~~~~~~~~
../Core/Src/main.c:398:38: error: 'SEG_1_Pin' undeclared (first use in this function)
  398 |   HAL_GPIO_WritePin(GPIOB, SEG_0_Pin|SEG_1_Pin|SEG_2_Pin|SEG_3_Pin
      |                                      ^~~~~~~~~
../Core/Src/main.c:398:48: error: 'SEG_2_Pin' undeclared (first use in this function)
  398 |   HAL_GPIO_WritePin(GPIOB, SEG_0_Pin|SEG_1_Pin|SEG_2_Pin|SEG_3_Pin
      |                                                ^~~~~~~~~
../Core/Src/main.c:398:58: error: 'SEG_3_Pin' undeclared (first use in this function)
  398 |   HAL_GPIO_WritePin(GPIOB, SEG_0_Pin|SEG_1_Pin|SEG_2_Pin|SEG_3_Pin
      |                                                          ^~~~~~~~~
../Core/Src/main.c:399:28: error: 'SEG_4_Pin' undeclared (first use in this function)
  399 |                           |SEG_4_Pin|SEG_5_Pin|SEG_6_Pin, GPIO_PIN_RESET);
      |                            ^~~~~~~~~
../Core/Src/main.c:399:38: error: 'SEG_5_Pin' undeclared (first use in this function)
  399 |                           |SEG_4_Pin|SEG_5_Pin|SEG_6_Pin, GPIO_PIN_RESET);
      |                                      ^~~~~~~~~
../Core/Src/main.c:399:48: error: 'SEG_6_Pin' undeclared (first use in this function)
  399 |                           |SEG_4_Pin|SEG_5_Pin|SEG_6_Pin, GPIO_PIN_RESET);
      |                                                ^~~~~~~~~
../Core/Src/main.c: At top level:
../Core/Src/main.c:422:36: error: unknown type name 'TIM_HandleTypeDef'; did you mean 'DMA_HandleTypeDef'?
  422 | void HAL_TIM_PeriodElapsedCallback(TIM_HandleTypeDef * htim){
      |                                    ^~~~~~~~~~~~~~~~~
      |                                    DMA_HandleTypeDef
make: *** [Core/Src/subdir.mk:34: Core/Src/main.o] Error 1
"make -j2 all" terminated with exit code 2. Build might be incomplete.
22:00:27 **** Incremental Build of configuration Debug for project ex7_8 ****
make -j2 all 
arm-none-eabi-gcc "../Drivers/STM32F1xx_HAL_Driver/Src/stm32f1xx_hal.c" -mcpu=cortex-m3 -std=gnu11 -g3 -DDEBUG -DUSE_HAL_DRIVER -DSTM32F103x6 -c -I../Core/Inc -I../Drivers/STM32F1xx_HAL_Driver/Inc -I../Drivers/STM32F1xx_HAL_Driver/Inc/Legacy -I../Drivers/CMSIS/Device/ST/STM32F1xx/Include -I../Drivers/CMSIS/Include -O0 -ffunction-sections -fdata-sections -Wall -fstack-usage -MMD -MP -MF"Drivers/STM32F1xx_HAL_Driver/Src/stm32f1xx_hal.d" -MT"Drivers/STM32F1xx_HAL_Driver/Src/stm32f1xx_hal.o" --specs=nano.specs -mfloat-abi=soft -mthumb -o "Drivers/STM32F1xx_HAL_Driver/Src/stm32f1xx_hal.o"
arm-none-eabi-gcc "../Drivers/STM32F1xx_HAL_Driver/Src/stm32f1xx_hal_cortex.c" -mcpu=cortex-m3 -std=gnu11 -g3 -DDEBUG -DUSE_HAL_DRIVER -DSTM32F103x6 -c -I../Core/Inc -I../Drivers/STM32F1xx_HAL_Driver/Inc -I../Drivers/STM32F1xx_HAL_Driver/Inc/Legacy -I../Drivers/CMSIS/Device/ST/STM32F1xx/Include -I../Drivers/CMSIS/Include -O0 -ffunction-sections -fdata-sections -Wall -fstack-usage -MMD -MP -MF"Drivers/STM32F1xx_HAL_Driver/Src/stm32f1xx_hal_cortex.d" -MT"Drivers/STM32F1xx_HAL_Driver/Src/stm32f1xx_hal_cortex.o" --specs=nano.specs -mfloat-abi=soft -mthumb -o "Drivers/STM32F1xx_HAL_Driver/Src/stm32f1xx_hal_cortex.o"
arm-none-eabi-gcc "../Drivers/STM32F1xx_HAL_Driver/Src/stm32f1xx_hal_dma.c" -mcpu=cortex-m3 -std=gnu11 -g3 -DDEBUG -DUSE_HAL_DRIVER -DSTM32F103x6 -c -I../Core/Inc -I../Drivers/STM32F1xx_HAL_Driver/Inc -I../Drivers/STM32F1xx_HAL_Driver/Inc/Legacy -I../Drivers/CMSIS/Device/ST/STM32F1xx/Include -I../Drivers/CMSIS/Include -O0 -ffunction-sections -fdata-sections -Wall -fstack-usage -MMD -MP -MF"Drivers/STM32F1xx_HAL_Driver/Src/stm32f1xx_hal_dma.d" -MT"Drivers/STM32F1xx_HAL_Driver/Src/stm32f1xx_hal_dma.o" --specs=nano.specs -mfloat-abi=soft -mthumb -o "Drivers/STM32F1xx_HAL_Driver/Src/stm32f1xx_hal_dma.o"
arm-none-eabi-gcc "../Drivers/STM32F1xx_HAL_Driver/Src/stm32f1xx_hal_exti.c" -mcpu=cortex-m3 -std=gnu11 -g3 -DDEBUG -DUSE_HAL_DRIVER -DSTM32F103x6 -c -I../Core/Inc -I../Drivers/STM32F1xx_HAL_Driver/Inc -I../Drivers/STM32F1xx_HAL_Driver/Inc/Legacy -I../Drivers/CMSIS/Device/ST/STM32F1xx/Include -I../Drivers/CMSIS/Include -O0 -ffunction-sections -fdata-sections -Wall -fstack-usage -MMD -MP -MF"Drivers/STM32F1xx_HAL_Driver/Src/stm32f1xx_hal_exti.d" -MT"Drivers/STM32F1xx_HAL_Driver/Src/stm32f1xx_hal_exti.o" --specs=nano.specs -mfloat-abi=soft -mthumb -o "Drivers/STM32F1xx_HAL_Driver/Src/stm32f1xx_hal_exti.o"
arm-none-eabi-gcc "../Drivers/STM32F1xx_HAL_Driver/Src/stm32f1xx_hal_flash.c" -mcpu=cortex-m3 -std=gnu11 -g3 -DDEBUG -DUSE_HAL_DRIVER -DSTM32F103x6 -c -I../Core/Inc -I../Drivers/STM32F1xx_HAL_Driver/Inc -I../Drivers/STM32F1xx_HAL_Driver/Inc/Legacy -I../Drivers/CMSIS/Device/ST/STM32F1xx/Include -I../Drivers/CMSIS/Include -O0 -ffunction-sections -fdata-sections -Wall -fstack-usage -MMD -MP -MF"Drivers/STM32F1xx_HAL_Driver/Src/stm32f1xx_hal_flash.d" -MT"Drivers/STM32F1xx_HAL_Driver/Src/stm32f1xx_hal_flash.o" --specs=nano.specs -mfloat-abi=soft -mthumb -o "Drivers/STM32F1xx_HAL_Driver/Src/stm32f1xx_hal_flash.o"
arm-none-eabi-gcc "../Drivers/STM32F1xx_HAL_Driver/Src/stm32f1xx_hal_flash_ex.c" -mcpu=cortex-m3 -std=gnu11 -g3 -DDEBUG -DUSE_HAL_DRIVER -DSTM32F103x6 -c -I../Core/Inc -I../Drivers/STM32F1xx_HAL_Driver/Inc -I../Drivers/STM32F1xx_HAL_Driver/Inc/Legacy -I../Drivers/CMSIS/Device/ST/STM32F1xx/Include -I../Drivers/CMSIS/Include -O0 -ffunction-sections -fdata-sections -Wall -fstack-usage -MMD -MP -MF"Drivers/STM32F1xx_HAL_Driver/Src/stm32f1xx_hal_flash_ex.d" -MT"Drivers/STM32F1xx_HAL_Driver/Src/stm32f1xx_hal_flash_ex.o" --specs=nano.specs -mfloat-abi=soft -mthumb -o "Drivers/STM32F1xx_HAL_Driver/Src/stm32f1xx_hal_flash_ex.o"
arm-none-eabi-gcc "../Drivers/STM32F1xx_HAL_Driver/Src/stm32f1xx_hal_gpio.c" -mcpu=cortex-m3 -std=gnu11 -g3 -DDEBUG -DUSE_HAL_DRIVER -DSTM32F103x6 -c -I../Core/Inc -I../Drivers/STM32F1xx_HAL_Driver/Inc -I../Drivers/STM32F1xx_HAL_Driver/Inc/Legacy -I../Drivers/CMSIS/Device/ST/STM32F1xx/Include -I../Drivers/CMSIS/Include -O0 -ffunction-sections -fdata-sections -Wall -fstack-usage -MMD -MP -MF"Drivers/STM32F1xx_HAL_Driver/Src/stm32f1xx_hal_gpio.d" -MT"Drivers/STM32F1xx_HAL_Driver/Src/stm32f1xx_hal_gpio.o" --specs=nano.specs -mfloat-abi=soft -mthumb -o "Drivers/STM32F1xx_HAL_Driver/Src/stm32f1xx_hal_gpio.o"
arm-none-eabi-gcc "../Drivers/STM32F1xx_HAL_Driver/Src/stm32f1xx_hal_gpio_ex.c" -mcpu=cortex-m3 -std=gnu11 -g3 -DDEBUG -DUSE_HAL_DRIVER -DSTM32F103x6 -c -I../Core/Inc -I../Drivers/STM32F1xx_HAL_Driver/Inc -I../Drivers/STM32F1xx_HAL_Driver/Inc/Legacy -I../Drivers/CMSIS/Device/ST/STM32F1xx/Include -I../Drivers/CMSIS/Include -O0 -ffunction-sections -fdata-sections -Wall -fstack-usage -MMD -MP -MF"Drivers/STM32F1xx_HAL_Driver/Src/stm32f1xx_hal_gpio_ex.d" -MT"Drivers/STM32F1xx_HAL_Driver/Src/stm32f1xx_hal_gpio_ex.o" --specs=nano.specs -mfloat-abi=soft -mthumb -o "Drivers/STM32F1xx_HAL_Driver/Src/stm32f1xx_hal_gpio_ex.o"
arm-none-eabi-gcc "../Drivers/STM32F1xx_HAL_Driver/Src/stm32f1xx_hal_pwr.c" -mcpu=cortex-m3 -std=gnu11 -g3 -DDEBUG -DUSE_HAL_DRIVER -DSTM32F103x6 -c -I../Core/Inc -I../Drivers/STM32F1xx_HAL_Driver/Inc -I../Drivers/STM32F1xx_HAL_Driver/Inc/Legacy -I../Drivers/CMSIS/Device/ST/STM32F1xx/Include -I../Drivers/CMSIS/Include -O0 -ffunction-sections -fdata-sections -Wall -fstack-usage -MMD -MP -MF"Drivers/STM32F1xx_HAL_Driver/Src/stm32f1xx_hal_pwr.d" -MT"Drivers/STM32F1xx_HAL_Driver/Src/stm32f1xx_hal_pwr.o" --specs=nano.specs -mfloat-abi=soft -mthumb -o "Drivers/STM32F1xx_HAL_Driver/Src/stm32f1xx_hal_pwr.o"
arm-none-eabi-gcc "../Drivers/STM32F1xx_HAL_Driver/Src/stm32f1xx_hal_rcc.c" -mcpu=cortex-m3 -std=gnu11 -g3 -DDEBUG -DUSE_HAL_DRIVER -DSTM32F103x6 -c -I../Core/Inc -I../Drivers/STM32F1xx_HAL_Driver/Inc -I../Drivers/STM32F1xx_HAL_Driver/Inc/Legacy -I../Drivers/CMSIS/Device/ST/STM32F1xx/Include -I../Drivers/CMSIS/Include -O0 -ffunction-sections -fdata-sections -Wall -fstack-usage -MMD -MP -MF"Drivers/STM32F1xx_HAL_Driver/Src/stm32f1xx_hal_rcc.d" -MT"Drivers/STM32F1xx_HAL_Driver/Src/stm32f1xx_hal_rcc.o" --specs=nano.specs -mfloat-abi=soft -mthumb -o "Drivers/STM32F1xx_HAL_Driver/Src/stm32f1xx_hal_rcc.o"
arm-none-eabi-gcc "../Drivers/STM32F1xx_HAL_Driver/Src/stm32f1xx_hal_rcc_ex.c" -mcpu=cortex-m3 -std=gnu11 -g3 -DDEBUG -DUSE_HAL_DRIVER -DSTM32F103x6 -c -I../Core/Inc -I../Drivers/STM32F1xx_HAL_Driver/Inc -I../Drivers/STM32F1xx_HAL_Driver/Inc/Legacy -I../Drivers/CMSIS/Device/ST/STM32F1xx/Include -I../Drivers/CMSIS/Include -O0 -ffunction-sections -fdata-sections -Wall -fstack-usage -MMD -MP -MF"Drivers/STM32F1xx_HAL_Driver/Src/stm32f1xx_hal_rcc_ex.d" -MT"Drivers/STM32F1xx_HAL_Driver/Src/stm32f1xx_hal_rcc_ex.o" --specs=nano.specs -mfloat-abi=soft -mthumb -o "Drivers/STM32F1xx_HAL_Driver/Src/stm32f1xx_hal_rcc_ex.o"
arm-none-eabi-gcc "../Drivers/STM32F1xx_HAL_Driver/Src/stm32f1xx_hal_tim.c" -mcpu=cortex-m3 -std=gnu11 -g3 -DDEBUG -DUSE_HAL_DRIVER -DSTM32F103x6 -c -I../Core/Inc -I../Drivers/STM32F1xx_HAL_Driver/Inc -I../Drivers/STM32F1xx_HAL_Driver/Inc/Legacy -I../Drivers/CMSIS/Device/ST/STM32F1xx/Include -I../Drivers/CMSIS/Include -O0 -ffunction-sections -fdata-sections -Wall -fstack-usage -MMD -MP -MF"Drivers/STM32F1xx_HAL_Driver/Src/stm32f1xx_hal_tim.d" -MT"Drivers/STM32F1xx_HAL_Driver/Src/stm32f1xx_hal_tim.o" --specs=nano.specs -mfloat-abi=soft -mthumb -o "Drivers/STM32F1xx_HAL_Driver/Src/stm32f1xx_hal_tim.o"
arm-none-eabi-gcc "../Drivers/STM32F1xx_HAL_Driver/Src/stm32f1xx_hal_tim_ex.c" -mcpu=cortex-m3 -std=gnu11 -g3 -DDEBUG -DUSE_HAL_DRIVER -DSTM32F103x6 -c -I../Core/Inc -I../Drivers/STM32F1xx_HAL_Driver/Inc -I../Drivers/STM32F1xx_HAL_Driver/Inc/Legacy -I../Drivers/CMSIS/Device/ST/STM32F1xx/Include -I../Drivers/CMSIS/Include -O0 -ffunction-sections -fdata-sections -Wall -fstack-usage -MMD -MP -MF"Drivers/STM32F1xx_HAL_Driver/Src/stm32f1xx_hal_tim_ex.d" -MT"Drivers/STM32F1xx_HAL_Driver/Src/stm32f1xx_hal_tim_ex.o" --specs=nano.specs -mfloat-abi=soft -mthumb -o "Drivers/STM32F1xx_HAL_Driver/Src/stm32f1xx_hal_tim_ex.o"
arm-none-eabi-gcc "../Core/Src/main.c" -mcpu=cortex-m3 -std=gnu11 -g3 -DDEBUG -DUSE_HAL_DRIVER -DSTM32F103x6 -c -I../Core/Inc -I../Drivers/STM32F1xx_HAL_Driver/Inc -I../Drivers/STM32F1xx_HAL_Driver/Inc/Legacy -I../Drivers/CMSIS/Device/ST/STM32F1xx/Include -I../Drivers/CMSIS/Include -O0 -ffunction-sections -fdata-sections -Wall -fstack-usage -MMD -MP -MF"Core/Src/main.d" -MT"Core/Src/main.o" --specs=nano.specs -mfloat-abi=soft -mthumb -o "Core/Src/main.o"
../Core/Src/main.c: In function 'main':
../Core/Src/main.c:283:24: error: 'RED_GPIO_Port' undeclared (first use in this function); did you mean 'EN0_GPIO_Port'?
  283 |     HAL_GPIO_TogglePin(RED_GPIO_Port, RED_Pin);
      |                        ^~~~~~~~~~~~~
      |                        EN0_GPIO_Port
../Core/Src/main.c:283:24: note: each undeclared identifier is reported only once for each function it appears in
../Core/Src/main.c:283:39: error: 'RED_Pin' undeclared (first use in this function)
  283 |     HAL_GPIO_TogglePin(RED_GPIO_Port, RED_Pin);
      |                                       ^~~~~~~
make: *** [Core/Src/subdir.mk:34: Core/Src/main.o] Error 1
make: *** Waiting for unfinished jobs....
"make -j2 all" terminated with exit code 2. Build might be incomplete.
22:01:19 **** Incremental Build of configuration Debug for project ex7_8 ****
make -j2 all 
arm-none-eabi-gcc "../Core/Src/main.c" -mcpu=cortex-m3 -std=gnu11 -g3 -DDEBUG -DUSE_HAL_DRIVER -DSTM32F103x6 -c -I../Core/Inc -I../Drivers/STM32F1xx_HAL_Driver/Inc -I../Drivers/STM32F1xx_HAL_Driver/Inc/Legacy -I../Drivers/CMSIS/Device/ST/STM32F1xx/Include -I../Drivers/CMSIS/Include -O0 -ffunction-sections -fdata-sections -Wall -fstack-usage -MMD -MP -MF"Core/Src/main.d" -MT"Core/Src/main.o" --specs=nano.specs -mfloat-abi=soft -mthumb -o "Core/Src/main.o"
arm-none-eabi-gcc "../Core/Src/stm32f1xx_hal_msp.c" -mcpu=cortex-m3 -std=gnu11 -g3 -DDEBUG -DUSE_HAL_DRIVER -DSTM32F103x6 -c -I../Core/Inc -I../Drivers/STM32F1xx_HAL_Driver/Inc -I../Drivers/STM32F1xx_HAL_Driver/Inc/Legacy -I../Drivers/CMSIS/Device/ST/STM32F1xx/Include -I../Drivers/CMSIS/Include -O0 -ffunction-sections -fdata-sections -Wall -fstack-usage -MMD -MP -MF"Core/Src/stm32f1xx_hal_msp.d" -MT"Core/Src/stm32f1xx_hal_msp.o" --specs=nano.specs -mfloat-abi=soft -mthumb -o "Core/Src/stm32f1xx_hal_msp.o"
arm-none-eabi-gcc "../Core/Src/stm32f1xx_it.c" -mcpu=cortex-m3 -std=gnu11 -g3 -DDEBUG -DUSE_HAL_DRIVER -DSTM32F103x6 -c -I../Core/Inc -I../Drivers/STM32F1xx_HAL_Driver/Inc -I../Drivers/STM32F1xx_HAL_Driver/Inc/Legacy -I../Drivers/CMSIS/Device/ST/STM32F1xx/Include -I../Drivers/CMSIS/Include -O0 -ffunction-sections -fdata-sections -Wall -fstack-usage -MMD -MP -MF"Core/Src/stm32f1xx_it.d" -MT"Core/Src/stm32f1xx_it.o" --specs=nano.specs -mfloat-abi=soft -mthumb -o "Core/Src/stm32f1xx_it.o"
arm-none-eabi-gcc "../Core/Src/system_stm32f1xx.c" -mcpu=cortex-m3 -std=gnu11 -g3 -DDEBUG -DUSE_HAL_DRIVER -DSTM32F103x6 -c -I../Core/Inc -I../Drivers/STM32F1xx_HAL_Driver/Inc -I../Drivers/STM32F1xx_HAL_Driver/Inc/Legacy -I../Drivers/CMSIS/Device/ST/STM32F1xx/Include -I../Drivers/CMSIS/Include -O0 -ffunction-sections -fdata-sections -Wall -fstack-usage -MMD -MP -MF"Core/Src/system_stm32f1xx.d" -MT"Core/Src/system_stm32f1xx.o" --specs=nano.specs -mfloat-abi=soft -mthumb -o "Core/Src/system_stm32f1xx.o"
arm-none-eabi-gcc -o "ex7_8.elf" @"objects.list"   -mcpu=cortex-m3 -T"C:\Users\NGUYEN THANH QUI\Desktop\Week2\lab2_ex7_8\stm32cube\ex7_8\STM32F103C6UX_FLASH.ld" --specs=nosys.specs -Wl,-Map="ex7_8.map" -Wl,--gc-sections -static --specs=nano.specs -mfloat-abi=soft -mthumb -Wl,--start-group -lc -lm -Wl,--end-group
Finished building target: ex7_8.elf
 
arm-none-eabi-size   ex7_8.elf 
arm-none-eabi-objdump -h -S  ex7_8.elf  > "ex7_8.list"
   text	   data	    bss	    dec	    hex	filename
   8512	     52	   1660	  10224	   27f0	ex7_8.elf
Finished building: default.size.stdout
 
Finished building: ex7_8.list
arm-none-eabi-objcopy  -O ihex  ex7_8.elf  "ex7_8.hex"
 
arm-none-eabi-objcopy  -O binary  ex7_8.elf  "ex7_8.bin"
Finished building: ex7_8.hex
Finished building: ex7_8.bin
 
 
