main.c:59:6:display7SEG	16	static
main.c:154:6:update7SEG	16	static
main.c:191:6:updateClockBuffer	4	static
main.c:202:6:updateRowSignal	16	static
main.c:220:6:displayRowSignal	16	static
main.c:270:6:updateLEDMaxtrix	16	static
main.c:375:6:turnOffCol	8	static
main.c:393:6:setTimer0	16	static
main.c:397:6:setTimer1	16	static
main.c:401:6:timerRun	4	static
main.c:422:5:main	16	static
main.c:507:6:SystemClock_Config	72	static
main.c:543:13:MX_TIM2_Init	32	static
main.c:588:13:MX_GPIO_Init	32	static
main.c:637:6:HAL_TIM_PeriodElapsedCallback	16	static
main.c:646:6:Error_Handler	4	static,ignoring_inline_asm
