21:50:38 **** Build of configuration Debug for project ex3 ****
make -j2 all 
arm-none-eabi-gcc "../Core/Src/main.c" -mcpu=cortex-m3 -std=gnu11 -g3 -DDEBUG -DUSE_HAL_DRIVER -DSTM32F103x6 -c -I../Core/Inc -I../Drivers/STM32F1xx_HAL_Driver/Inc -I../Drivers/STM32F1xx_HAL_Driver/Inc/Legacy -I../Drivers/CMSIS/Device/ST/STM32F1xx/Include -I../Drivers/CMSIS/Include -O0 -ffunction-sections -fdata-sections -Wall -fstack-usage -MMD -MP -MF"Core/Src/main.d" -MT"Core/Src/main.o" --specs=nano.specs -mfloat-abi=soft -mthumb -o "Core/Src/main.o"
arm-none-eabi-gcc -o "ex3.elf" @"objects.list"   -mcpu=cortex-m3 -T"C:\Users\NGUYEN THANH QUI\Desktop\Week2\lab2_ex3\stm32cube\ex3\STM32F103C6UX_FLASH.ld" --specs=nosys.specs -Wl,-Map="ex3.map" -Wl,--gc-sections -static --specs=nano.specs -mfloat-abi=soft -mthumb -Wl,--start-group -lc -lm -Wl,--end-group
Finished building target: ex3.elf
 
arm-none-eabi-size   ex3.elf 
arm-none-eabi-objdump -h -S  ex3.elf  > "ex3.list"
   text	   data	    bss	    dec	    hex	filename
   7608	     24	   1648	   9280	   2440	ex3.elf
Finished building: default.size.stdout
 
arm-none-eabi-objcopy  -O ihex  ex3.elf  "ex3.hex"
Finished building: ex3.hex
 
arm-none-eabi-objcopy  -O binary  ex3.elf  "ex3.bin"
Finished building: ex3.list
Finished building: ex3.bin
 
 

21:50:40 Build Finished. 0 errors, 0 warnings. (took 2s.209ms)

